  Файл: /home/user1
  Размер: 132       	Блоков: 0          Блок В/В: 4096   каталог
Устройство: fd00h/64768d	Инода: 17433107    Ссылки: 2
Доступ: (0700/drwx------)  Uid: ( 1234/   user1)   Gid: ( 1234/   user1)
Контекст: unconfined_u:object_r:user_home_dir_t:s0
Доступ:        2026-10-07 14:59:41.586990575 +0300
Модифицирован: 2026-10-07 15:03:03.091430303 +0300
Изменён:       2026-10-07 15:03:03.091430303 +0300
Создан:        2026-10-07 14:58:33.730164631 +0300
  Файл: /home/user1/cat_suid
  Размер: 36312     	Блоков: 72         Блок В/В: 4096   обычный файл
Устройство: fd00h/64768d	Инода: 17433144    Ссылки: 1
Доступ: (4755/-rwsr-xr-x)  Uid: (    0/    root)   Gid: (    0/    root)
Контекст: unconfined_u:object_r:user_home_t:s0
Доступ:        2026-10-07 15:01:45.778654317 +0300
Модифицирован: 2026-10-07 15:00:59.113789525 +0300
Изменён:       2026-10-07 15:01:23.931717614 +0300
Создан:        2026-10-07 15:00:59.113789525 +0300
  Файл: /home/user1/chown_cap
  Размер: 61440     	Блоков: 120        Блок В/В: 4096   обычный файл
Устройство: fd00h/64768d	Инода: 17433140    Ссылки: 1
Доступ: (0755/-rwxr-xr-x)  Uid: ( 1234/   user1)   Gid: ( 1234/   user1)
Контекст: unconfined_u:object_r:user_home_t:s0
Доступ:        2026-10-07 15:02:56.380449749 +0300
Модифицирован: 2026-10-07 15:01:50.611640312 +0300
Изменён:       2026-10-07 15:02:00.069612908 +0300
Создан:        2026-10-07 15:01:50.611640312 +0300
